##############################################################################
#                                                                            #
# IAR ARM ANSI C/C++ Compiler V4.42A/W32 EVALUATION    01/Nov/2019  02:23:01 #
# Copyright 1999-2005 IAR Systems. All rights reserved.                      #
#                                                                            #
#    Cpu mode        =  interwork                                            #
#    Endian          =  little                                               #
#    Stack alignment =  4                                                    #
#    Source file     =  E:\SE\Port\elf2vkp\Goto_Shortcut_New\main.c          #
#    Command line    =  E:\SE\Port\elf2vkp\Goto_Shortcut_New\main.c -D       #
#                       NDEBUG -D A2 -D DB3210 -D C510_R1HA035               #
#                       --preprocess=cl E:\SE\Port\elf2vkp\Goto_Shortcut_New #
#                       \C510_R1HA035\List\ -lC E:\SE\Port\elf2vkp\Goto_Shor #
#                       tcut_New\C510_R1HA035\List\ -lA                      #
#                       E:\SE\Port\elf2vkp\Goto_Shortcut_New\C510_R1HA035\Li #
#                       st\ -o E:\SE\Port\elf2vkp\Goto_Shortcut_New\C510_R1H #
#                       A035\Obj\ -z9 --debug --cpu_mode thumb --endian      #
#                       little --cpu ARM926EJ-S --stack_align 4 --interwork  #
#                       -e --enable_multibytes --fpu None --eec++            #
#                       --preinclude E:\SE\Port\elf2vkp\Goto_Shortcut_New\Ta #
#                       rget\C510_R1HA035.h -I "E:\SE\Embedded Workbench     #
#                       4.0 Evaluation\ARM\INC\" --inline_threshold=2        #
#    List file       =  E:\SE\Port\elf2vkp\Goto_Shortcut_New\C510_R1HA035\Li #
#                       st\main.lst                                          #
#    Object file     =  E:\SE\Port\elf2vkp\Goto_Shortcut_New\C510_R1HA035\Ob #
#                       j\main.r79                                           #
#                                                                            #
#                                                                            #
##############################################################################

E:\SE\Port\elf2vkp\Goto_Shortcut_New\main.c
      1          /*
      2          ;Change Right Softkey in Standby to "GoTo Shortcut".
      3          ;Items: Inbox, Music player, Alarms, Calendar, Profiles, Bluetooth
      4          ;Added Music State(Title - Artist) at 2ndLine of Music player item
      5          ;Added Alarm State(ALarmType : Hour.Minutes) at 2ndLine of Alarm item
      6          ;Added Date state(Weekday,Date-Mon-Year) at 2ndLine of Calendar item
      7          ;Added Active Profile at 2ndLine of Profiles item(new algoritm)
      8          ;Added Bluetooth state(On-Off) at 2ndLine of Bluetooth item
      9          ;Improved code
     10          ;v 2
     11          ;(c) farid
     12          ;(r) mobilefree.ru
     13          */
     14          
     15          #include "..\\include\Types.h"
     16          #include "..\\include\Function.h"
     17          
     18          #include "main.h"
     19          #include "editor.h"
     20          #include "utils.h"
     21          #include "strlib.h"
     22          #include "FileFolder.h"
     23          
     24          

   \                                 In segment CODE, align 4, keep-with-next
     25          __thumb void * malloc (int size)
     26          {
   \                     ??malloc:
   \   00000000   10B5               PUSH     {R4,LR}
     27          #ifdef DB2020
     28            return(memalloc(0,size,1,5,"sc",0));
     29          #elif A2
     30            return(memalloc(0xFFFFFFFF,size,1,5,"sc",0));
   \   00000002   0021               MOVS     R1,#+0
   \   00000004   0523               MOVS     R3,#+5
   \   00000006   0400               MOVS     R4,R0
   \   00000008   ....               ADR      R0,??DataTable1  ;; "sc"
   \   0000000A   03B4               PUSH     {R0,R1}
   \   0000000C   0122               MOVS     R2,#+1
   \   0000000E   2100               MOVS     R1,R4
   \   00000010   0020               MOVS     R0,#+0
   \   00000012   C043               MVNS     R0,R0
   \   00000014   ........           _BLF     memalloc,??memalloc??rT
   \   00000018   1CBD               POP      {R2-R4,PC}       ;; return
     31          #else
     32            return(memalloc(size,1,5,"sc",0));
     33          #endif
     34          }
     35          

   \                                 In segment CODE, align 4, keep-with-next
     36          __thumb void mfree (void * mem)
     37          {
   \                     ??mfree:
   \   00000000   00B5               PUSH     {LR}
     38          #ifdef DB2020  
     39            if (mem) memfree(0, mem,"sc",0);
     40          #elif A2
     41            if (mem) memfree(0, mem,"sc",0);
   \   00000002   0028               CMP      R0,#+0
   \   00000004   05D0               BEQ      ??mfree_1
   \   00000006   0023               MOVS     R3,#+0
   \   00000008   ....               ADR      R2,??DataTable1  ;; "sc"
   \   0000000A   0100               MOVS     R1,R0
   \   0000000C   0020               MOVS     R0,#+0
   \   0000000E   ........           _BLF     memfree,??memfree??rT
     42          #else
     43            memfree(mem,"sc",0);
     44          #endif
     45          }
   \                     ??mfree_1:
   \   00000012   00BD               POP      {PC}             ;; return
     46          

   \                                 In segment CODE, align 4, keep-with-next
     47          int IsMyBook( BOOK* book )
     48          {
     49            if(strcmp(book->xbook->name, BOOKNAME)) return FALSE;
   \                     ??IsMyBook:
   \   00000000   ....               LDR      R1,??DataTable2  ;; `?<Constant "GotoShortcut_Book">`
   \   00000002   00B5               PUSH     {LR}
   \   00000004   0068               LDR      R0,[R0, #+0]
   \   00000006   4068               LDR      R0,[R0, #+4]
   \   00000008   ........           _BLF     strcmp,??strcmp??rT
   \   0000000C   0028               CMP      R0,#+0
   \   0000000E   01D0               BEQ      ??IsMyBook_1
   \   00000010   0020               MOVS     R0,#+0
   \   00000012   00BD               POP      {PC}
     50            return TRUE;
   \                     ??IsMyBook_1:
   \   00000014   0120               MOVS     R0,#+1
   \   00000016   00BD               POP      {PC}             ;; return
     51          }
     52          

   \                                 In segment CODE, align 4, keep-with-next
     53          void ShortcutFree(void* Item)
     54          {
   \                     ??ShortcutFree:
   \   00000000   10B5               PUSH     {R4,LR}
   \   00000002   0400               MOVS     R4,R0
     55            SHORTCUT* Shortcut = (SHORTCUT*)Item;
     56            if(Shortcut)
   \   00000004   08D0               BEQ      ??ShortcutFree_1
     57            {
     58              StringFree(Shortcut->sData);
   \   00000006   6068               LDR      R0,[R4, #+4]
   \   00000008   ........           _BLF     ??StringFree,??StringFree??rT
     59              StringFree(Shortcut->Caption);   
   \   0000000C   A068               LDR      R0,[R4, #+8]
   \   0000000E   ........           _BLF     ??StringFree,??StringFree??rT
     60              mfree(Shortcut);
   \   00000012   2000               MOVS     R0,R4
   \   00000014   ........           BL       ??mfree
     61            }
     62          }
   \                     ??ShortcutFree_1:
   \   00000018   10BD               POP      {R4,PC}          ;; return
     63          

   \                                 In segment CODE, align 4, keep-with-next
     64          void Menu_Delete_Yes(BOOK* book, GUI* gui)
     65          {
   \                     ??Menu_Delete_Yes:
   \   00000000   30B5               PUSH     {R4,R5,LR}
   \   00000002   0400               MOVS     R4,R0
     66            GotoShortcut_Book* mbk = (GotoShortcut_Book*)book;
     67            mbk->CurrentPos = ListMenu_GetSelectedItem(mbk->MainMenu);
   \   00000004   2500               MOVS     R5,R4
   \   00000006   1835               ADDS     R5,R5,#+24
   \   00000008   2868               LDR      R0,[R5, #+0]
   \   0000000A   ........           _BLF     ListMenu_GetSelectedItem,??ListMenu_GetSelectedItem??rT
   \   0000000E   4421               MOVS     R1,#+68
   \   00000010   6054               STRB     R0,[R4, R1]
     68            
     69            void* Item = List_RemoveAt(mbk->Items, mbk->CurrentPos);
   \   00000012   615C               LDRB     R1,[R4, R1]
   \   00000014   686A               LDR      R0,[R5, #+36]
   \   00000016   ........           _BLF     List_RemoveAt,??List_RemoveAt??rT
     70            ShortcutFree(Item);
   \   0000001A   ........           BL       ??ShortcutFree
     71            UpdateMainPage(NULL, mbk);
   \   0000001E   ....               LDR      R1,??DataTable9  ;; `?<Constant "GotoShortcut_Book">` + 32
   \   00000020   2000               MOVS     R0,R4
   \   00000022   ........           _BLF     BookObj_GotoPage,??BookObj_GotoPage??rT
     72          }
   \   00000026   30BD               POP      {R4,R5,PC}       ;; return
     73          

   \                                 In segment CODE, align 4, keep-with-next
     74          void Menu_Delete_No(BOOK* book, GUI* gui)
     75          {
   \                     ??Menu_Delete_No:
   \   00000000   10B5               PUSH     {R4,LR}
   \   00000002   0400               MOVS     R4,R0
     76            GotoShortcut_Book* mbk = (GotoShortcut_Book*)book;
     77            mbk->CurrentPos = ListMenu_GetSelectedItem(mbk->MainMenu);
   \   00000004   A069               LDR      R0,[R4, #+24]
   \   00000006   ........           _BLF     ListMenu_GetSelectedItem,??ListMenu_GetSelectedItem??rT
   \   0000000A   4421               MOVS     R1,#+68
   \   0000000C   6054               STRB     R0,[R4, R1]
     78            UpdateMainPage(NULL, mbk);
   \   0000000E   ....               LDR      R1,??DataTable9  ;; `?<Constant "GotoShortcut_Book">` + 32
   \   00000010   2000               MOVS     R0,R4
   \   00000012   ........           _BLF     BookObj_GotoPage,??BookObj_GotoPage??rT
     79          }
   \   00000016   10BD               POP      {R4,PC}          ;; return
     80          

   \                                 In segment CODE, align 4, keep-with-next
     81          void Menu_DeleteItem(BOOK* book, GUI* gui)
     82          {
   \                     ??Menu_DeleteItem:
   \   00000000   30B5               PUSH     {R4,R5,LR}
   \   00000002   0400               MOVS     R4,R0
     83            GotoShortcut_Book* mbk = (GotoShortcut_Book*)book;
     84            
     85            if(List_GetCount(mbk->Items))
   \   00000004   E06B               LDR      R0,[R4, #+60]
   \   00000006   ........           _BLF     List_GetCount,??List_GetCount??rT
   \   0000000A   0028               CMP      R0,#+0
   \   0000000C   29D0               BEQ      ??Menu_DeleteItem_1
     86            {
     87              SHORTCUT* Shortcut = (SHORTCUT*) List_Get(mbk->Items, ListMenu_GetSelectedItem(mbk->MainMenu));
   \   0000000E   A069               LDR      R0,[R4, #+24]
   \   00000010   ........           _BLF     ListMenu_GetSelectedItem,??ListMenu_GetSelectedItem??rT
   \   00000014   0100               MOVS     R1,R0
   \   00000016   E06B               LDR      R0,[R4, #+60]
   \   00000018   ........           _BLF     List_Get,??List_Get??rT
   \   0000001C   0500               MOVS     R5,R0
     88              
     89              mbk->YesNoQuestion = CreateYesNoQuestion(mbk, UIDisplay_Main);
   \   0000001E   0021               MOVS     R1,#+0
   \   00000020   2000               MOVS     R0,R4
   \   00000022   ........           _BLF     CreateYesNoQuestion,??CreateYesNoQuestion??rT
     90              YesNoQuestion_SetQuestionText(mbk->YesNoQuestion, DELETEQ_TXT);
   \   00000026   0F49               LDR      R1,??Menu_DeleteItem_2  ;; 0x198c
   \   00000028   E062               STR      R0,[R4, #+44]
   \   0000002A   ........           _BLF     YesNoQuestion_SetQuestionText,??YesNoQuestion_SetQuestionText??rT
     91              YesNoQuestion_SetDescriptionText(mbk->YesNoQuestion, TextID_Get(Shortcut->Caption));
   \   0000002E   A868               LDR      R0,[R5, #+8]
   \   00000030   FF22               MOVS     R2,#+255
   \   00000032   0021               MOVS     R1,#+0
   \   00000034   ........           _BLF     TextID_Create,??TextID_Create??rT
   \   00000038   0100               MOVS     R1,R0
   \   0000003A   E06A               LDR      R0,[R4, #+44]
   \   0000003C   ........           _BLF     YesNoQuestion_SetDescriptionText,??YesNoQuestion_SetDescriptionText??rT
     92              YesNoQuestion_SetIcon(mbk->YesNoQuestion, Shortcut->Icon);
   \   00000040   A989               LDRH     R1,[R5, #+12]
   \   00000042   E06A               LDR      R0,[R4, #+44]
   \   00000044   ........           _BLF     YesNoQuestion_SetIcon,??YesNoQuestion_SetIcon??rT
     93              GUIObject_SoftKeys_SetAction(mbk->YesNoQuestion, ACTION_YES, Menu_Delete_Yes);
   \   00000048   074A               LDR      R2,??Menu_DeleteItem_2+0x4  ;; ??Menu_Delete_Yes
   \   0000004A   0849               LDR      R1,??Menu_DeleteItem_2+0x8  ;; 0xfc5
   \   0000004C   E06A               LDR      R0,[R4, #+44]
   \   0000004E   ........           _BLF     GUIObject_SoftKeys_SetAction,??GUIObject_SoftKeys_SetAction??rT
     94              GUIObject_SoftKeys_SetAction(mbk->YesNoQuestion, ACTION_NO, Menu_Delete_No);
   \   00000052   074A               LDR      R2,??Menu_DeleteItem_2+0xC  ;; ??Menu_Delete_No
   \   00000054   0749               LDR      R1,??Menu_DeleteItem_2+0x10  ;; 0xfbe
   \   00000056   E06A               LDR      R0,[R4, #+44]
   \   00000058   ........           _BLF     GUIObject_SoftKeys_SetAction,??GUIObject_SoftKeys_SetAction??rT
     95              GUIObject_Show(mbk->YesNoQuestion);
   \   0000005C   E06A               LDR      R0,[R4, #+44]
   \   0000005E   ........           _BLF     GUIObject_Show,??GUIObject_Show??rT
     96            }
     97          }
   \                     ??Menu_DeleteItem_1:
   \   00000062   30BD               POP      {R4,R5,PC}       ;; return
   \                     ??Menu_DeleteItem_2:
   \   00000064   8C190000           DC32     0x198c
   \   00000068   ........           DC32     ??Menu_Delete_Yes
   \   0000006C   C50F0000           DC32     0xfc5
   \   00000070   ........           DC32     ??Menu_Delete_No
   \   00000074   BE0F0000           DC32     0xfbe
     98             

   \                                 In segment CODE, align 4, keep-with-next
     99          void Menu_AddItem(BOOK* book, GUI* gui)
    100          {
   \                     ??Menu_AddItem:
   \   00000000   00B5               PUSH     {LR}
    101            EditorRun(book, ADDING_MODE);
   \   00000002   0221               MOVS     R1,#+2
   \   00000004   ........           _BLF     ??EditorRun,??EditorRun??rT
    102          }
   \   00000008   00BD               POP      {PC}             ;; return
    103          

   \                                 In segment CODE, align 4, keep-with-next
    104          void Menu_ModifyItem(BOOK* book, GUI* gui)
    105          {
   \                     ??Menu_ModifyItem:
   \   00000000   10B5               PUSH     {R4,LR}
   \   00000002   0400               MOVS     R4,R0
    106            GotoShortcut_Book* mbk = (GotoShortcut_Book*)book;
    107            if(List_GetCount(mbk->Items))
   \   00000004   E06B               LDR      R0,[R4, #+60]
   \   00000006   ........           _BLF     List_GetCount,??List_GetCount??rT
   \   0000000A   0028               CMP      R0,#+0
   \   0000000C   04D0               BEQ      ??Menu_ModifyItem_1
    108            {
    109              EditorRun(mbk, EDITING_MODE);
   \   0000000E   0121               MOVS     R1,#+1
   \   00000010   2000               MOVS     R0,R4
   \   00000012   ........           _BLF     ??EditorRun,??EditorRun??rT
   \   00000016   10BD               POP      {R4,PC}
    110            }
    111            else MessageBox_NoImage(EMPTY_TEXTID, EMPTY_LIST_TXT, 1, 3000, mbk);  
   \                     ??Menu_ModifyItem_1:
   \   00000018   044B               LDR      R3,??Menu_ModifyItem_2  ;; 0xbb8
   \   0000001A   ....               LDR      R1,??DataTable8  ;; 0x89a
   \   0000001C   ....               LDR      R0,??DataTable7  ;; 0x6fffffff
   \   0000001E   10B4               PUSH     {R4}
   \   00000020   0122               MOVS     R2,#+1
   \   00000022   ........           _BLF     MessageBox_NoImage,??MessageBox_NoImage??rT
   \   00000026   01B0               ADD      SP,SP,#+4
    112          }
   \   00000028   10BD               POP      {R4,PC}          ;; return
   \   0000002A   C046               Nop      
   \                     ??Menu_ModifyItem_2:
   \   0000002C   B80B0000           DC32     0xbb8
    113          

   \                                 In segment CODE, align 4, keep-with-next
    114          void Menu_About(BOOK* book, GUI* gui)
    115          {
   \                     ??Menu_About:
   \   00000000   10B5               PUSH     {R4,LR}
    116            TEXTID Text = TextID_Get(L"GotoShortcut\nv3.2\n(c) farid");
   \   00000002   FF22               MOVS     R2,#+255
   \   00000004   0021               MOVS     R1,#+0
   \   00000006   0400               MOVS     R4,R0
   \   00000008   0548               LDR      R0,??Menu_About_1  ;; `?<Constant L"\\x47\\x6f\\x74\\x6f\\x53\\x68\\x6f\\x72\\`
   \   0000000A   ........           _BLF     TextID_Create,??TextID_Create??rT
    117            MessageBox_NoImage(EMPTY_TEXTID, Text, 1, 0, book);
   \   0000000E   10B4               PUSH     {R4}
   \   00000010   0023               MOVS     R3,#+0
   \   00000012   0122               MOVS     R2,#+1
   \   00000014   0100               MOVS     R1,R0
   \   00000016   ....               LDR      R0,??DataTable7  ;; 0x6fffffff
   \   00000018   ........           _BLF     MessageBox_NoImage,??MessageBox_NoImage??rT
    118          }
   \   0000001C   18BD               POP      {R3,R4,PC}       ;; return
   \   0000001E   C046               Nop      
   \                     ??Menu_About_1:
   \   00000020   ........           DC32     `?<Constant L"\\x47\\x6f\\x74\\x6f\\x53\\x68\\x6f\\x72\\`
    119          

   \                                 In segment CODE, align 4, keep-with-next
    120          void Menu_Select(BOOK* book, GUI* gui)
    121          {
   \                     ??Menu_Select:
   \   00000000   10B5               PUSH     {R4,LR}
   \   00000002   0400               MOVS     R4,R0
    122            GotoShortcut_Book* mbk = (GotoShortcut_Book*)book;
    123            SHORTCUT* sc = (SHORTCUT*)List_Get(mbk->Items, ListMenu_GetSelectedItem(mbk->MainMenu));
   \   00000004   A069               LDR      R0,[R4, #+24]
   \   00000006   ........           _BLF     ListMenu_GetSelectedItem,??ListMenu_GetSelectedItem??rT
   \   0000000A   0100               MOVS     R1,R0
   \   0000000C   E06B               LDR      R0,[R4, #+60]
   \   0000000E   ........           _BLF     List_Get,??List_Get??rT
    124            if (sc)  RunShortcut(sc);
   \   00000012   0028               CMP      R0,#+0
   \   00000014   01D0               BEQ      ??Menu_Select_1
   \   00000016   ........           _BLF     ??RunShortcut,??RunShortcut??rT
    125            
    126            FreeBook(mbk);
   \                     ??Menu_Select_1:
   \   0000001A   2000               MOVS     R0,R4
   \   0000001C   ........           _BLF     FreeBook,??FreeBook??rT
    127          }
   \   00000020   10BD               POP      {R4,PC}          ;; return
    128          

   \                                 In segment CODE, align 4, keep-with-next
    129          void Menu_Exit(BOOK* book, GUI* gui)
    130          {
   \                     ??Menu_Exit:
   \   00000000   00B5               PUSH     {LR}
    131            GotoShortcut_Book* mbk = (GotoShortcut_Book*)book;
    132            FreeBook(mbk);
   \   00000002   ........           _BLF     FreeBook,??FreeBook??rT
    133          }
   \   00000006   00BD               POP      {PC}             ;; return
    134          

   \                                 In segment CODE, align 4, keep-with-next
    135          int Menu_Callback(GUI_MESSAGE* msg)
    136          {
   \                     ??Menu_Callback:
   \   00000000   30B5               PUSH     {R4,R5,LR}
   \   00000002   0400               MOVS     R4,R0
    137            GotoShortcut_Book *mbk = (GotoShortcut_Book*)GUIonMessage_GetBook(msg);
   \   00000004   ........           _BLF     GUIonMessage_GetBook,??GUIonMessage_GetBook??rT
   \   00000008   0500               MOVS     R5,R0
    138            int count = List_GetCount(mbk->Items);
    139            if (!count) return 0;
   \   0000000A   E86B               LDR      R0,[R5, #+60]
   \   0000000C   ........           _BLF     List_GetCount,??List_GetCount??rT
   \   00000010   0028               CMP      R0,#+0
   \   00000012   00D1               BNE      ??Menu_Callback_1
   \   00000014   30BD               POP      {R4,R5,PC}
    140              
    141            switch(GUIonMessage_GetMsg(msg))
   \                     ??Menu_Callback_1:
   \   00000016   2000               MOVS     R0,R4
   \   00000018   ........           _BLF     GUIonMessage_GetMsg,??GUIonMessage_GetMsg??rT
   \   0000001C   0128               CMP      R0,#+1
   \   0000001E   15D1               BNE      ??Menu_Callback_2
    142            {
    143            case LISTMSG_GetItem:
    144              int index = GUIonMessage_GetCreatedItemIndex(msg);
   \   00000020   2000               MOVS     R0,R4
   \   00000022   ........           _BLF     GUIonMessage_GetCreatedItemIndex,??GUIonMessage_GetCreatedItemIndex??rT
    145              SHORTCUT* Shortcut = (SHORTCUT*) List_Get(mbk->Items, index);
   \   00000026   0100               MOVS     R1,R0
   \   00000028   E86B               LDR      R0,[R5, #+60]
   \   0000002A   ........           _BLF     List_Get,??List_Get??rT
   \   0000002E   0500               MOVS     R5,R0
    146              
    147              GUIonMessage_SetMenuItemText(msg, TextID_Get(Shortcut->Caption));
   \   00000030   A868               LDR      R0,[R5, #+8]
   \   00000032   FF22               MOVS     R2,#+255
   \   00000034   0021               MOVS     R1,#+0
   \   00000036   ........           _BLF     TextID_Create,??TextID_Create??rT
   \   0000003A   0100               MOVS     R1,R0
   \   0000003C   2000               MOVS     R0,R4
   \   0000003E   ........           _BLF     GUIonMessage_SetMenuItemText,??GUIonMessage_SetMenuItemText??rT
    148              GUIonMessage_SetMenuItemIcon(msg, 0, Shortcut->Icon);
   \   00000042   AA89               LDRH     R2,[R5, #+12]
   \   00000044   0021               MOVS     R1,#+0
   \   00000046   2000               MOVS     R0,R4
   \   00000048   ........           _BLF     GUIonMessage_SetMenuItemIcon,??GUIonMessage_SetMenuItemIcon??rT
    149              break;
    150            }
    151            return 1;
   \                     ??Menu_Callback_2:
   \   0000004C   0120               MOVS     R0,#+1
   \   0000004E   30BD               POP      {R4,R5,PC}       ;; return
    152          }
    153          

   \                                 In segment CODE, align 4, keep-with-next
    154          int pg_Goto_Shortcut_EnterAction(void* data, BOOK* book)
    155          {
   \                     ??pg_Goto_Shortcut_EnterAction:
   \   00000000   70B5               PUSH     {R4-R6,LR}
   \   00000002   0D00               MOVS     R5,R1
    156            GotoShortcut_Book* mbk = (GotoShortcut_Book*)book;
    157            FREE_GUI(mbk->MainMenu);
   \   00000004   2C00               MOVS     R4,R5
   \   00000006   1834               ADDS     R4,R4,#+24
   \   00000008   2068               LDR      R0,[R4, #+0]
   \   0000000A   0028               CMP      R0,#+0
   \   0000000C   03D0               BEQ      ??pg_Goto_Shortcut_EnterAction_1
   \   0000000E   ........           _BLF     GUIObject_Destroy,??GUIObject_Destroy??rT
   \   00000012   0020               MOVS     R0,#+0
   \   00000014   2060               STR      R0,[R4, #+0]
    158            
    159            int count = List_GetCount(mbk->Items);
   \                     ??pg_Goto_Shortcut_EnterAction_1:
   \   00000016   606A               LDR      R0,[R4, #+36]
   \   00000018   ........           _BLF     List_GetCount,??List_GetCount??rT
   \   0000001C   0600               MOVS     R6,R0
    160          
    161            mbk->MainMenu = CreateListMenu(mbk, UIDisplay_Main);
   \   0000001E   0021               MOVS     R1,#+0
   \   00000020   2800               MOVS     R0,R5
   \   00000022   ........           _BLF     CreateListMenu,??CreateListMenu??rT
    162            GUIObject_SetTitleText(mbk->MainMenu, TITLE_TXT);
   \   00000026   2949               LDR      R1,??pg_Goto_Shortcut_EnterAction_2  ;; 0xaa2
   \   00000028   2060               STR      R0,[R4, #+0]
   \   0000002A   ........           _BLF     GUIObject_SetTitleText,??GUIObject_SetTitleText??rT
    163            
    164            ListMenu_SetItemCount(mbk->MainMenu, count);
   \   0000002E   2068               LDR      R0,[R4, #+0]
   \   00000030   3100               MOVS     R1,R6
   \   00000032   ........           _BLF     ListMenu_SetItemCount,??ListMenu_SetItemCount??rT
    165            ListMenu_SetOnMessage(mbk->MainMenu, Menu_Callback); 
   \   00000036   2649               LDR      R1,??pg_Goto_Shortcut_EnterAction_2+0x4  ;; ??Menu_Callback
   \   00000038   2068               LDR      R0,[R4, #+0]
    166            ListMenu_SetCursorToItem(mbk->MainMenu, mbk->CurrentPos);
   \   0000003A   4435               ADDS     R5,R5,#+68
   \   0000003C   ........           _BLF     ListMenu_SetOnMessage,??ListMenu_SetOnMessage??rT
   \   00000040   2978               LDRB     R1,[R5, #+0]
   \   00000042   2068               LDR      R0,[R4, #+0]
   \   00000044   ........           _BLF     ListMenu_SetCursorToItem,??ListMenu_SetCursorToItem??rT
    167            ListMenu_SetItemTextScroll(mbk->MainMenu, 0);
   \   00000048   2068               LDR      R0,[R4, #+0]
   \   0000004A   0021               MOVS     R1,#+0
   \   0000004C   ........           _BLF     ListMenu_SetItemTextScroll,??ListMenu_SetItemTextScroll??rT
    168            ListMenu_SetHotkeyMode(mbk->MainMenu, LKHM_SHORTCUT);
   \   00000050   2068               LDR      R0,[R4, #+0]
   \   00000052   0121               MOVS     R1,#+1
   \   00000054   ........           _BLF     ListMenu_SetHotkeyMode,??ListMenu_SetHotkeyMode??rT
    169            ListMenu_SetNoItemText(mbk->MainMenu, EMPTY_LIST_TXT);
   \   00000058   ....               LDR      R1,??DataTable8  ;; 0x89a
   \   0000005A   2068               LDR      R0,[R4, #+0]
   \   0000005C   ........           _BLF     ListMenu_SetNoItemText,??ListMenu_SetNoItemText??rT
    170            
    171            GUIObject_SoftKeys_SetActionAndText(mbk->MainMenu, 0, Menu_AddItem, MENU_ADD_TXT);
   \   00000060   1C4B               LDR      R3,??pg_Goto_Shortcut_EnterAction_2+0x8  ;; 0x193a
   \   00000062   1D4A               LDR      R2,??pg_Goto_Shortcut_EnterAction_2+0xC  ;; ??Menu_AddItem
   \   00000064   2068               LDR      R0,[R4, #+0]
   \   00000066   0021               MOVS     R1,#+0
   \   00000068   ........           _BLF     GUIObject_SoftKeys_SetActionAndText,??GUIObject_SoftKeys_SetActionAndText??rT
    172            GUIObject_SoftKeys_SetActionAndText(mbk->MainMenu, 1, Menu_ModifyItem, MENU_MODIFY_TXT);
   \   0000006C   1B4B               LDR      R3,??pg_Goto_Shortcut_EnterAction_2+0x10  ;; 0x1754
   \   0000006E   1C4A               LDR      R2,??pg_Goto_Shortcut_EnterAction_2+0x14  ;; ??Menu_ModifyItem
   \   00000070   2068               LDR      R0,[R4, #+0]
   \   00000072   0121               MOVS     R1,#+1
   \   00000074   ........           _BLF     GUIObject_SoftKeys_SetActionAndText,??GUIObject_SoftKeys_SetActionAndText??rT
    173            GUIObject_SoftKeys_SetActionAndText(mbk->MainMenu, 2, Menu_About, MENU_ABOUT_TXT);
   \   00000078   1A4B               LDR      R3,??pg_Goto_Shortcut_EnterAction_2+0x18  ;; 0x251c
   \   0000007A   1B4A               LDR      R2,??pg_Goto_Shortcut_EnterAction_2+0x1C  ;; ??Menu_About
   \   0000007C   2068               LDR      R0,[R4, #+0]
   \   0000007E   0221               MOVS     R1,#+2
   \   00000080   ........           _BLF     GUIObject_SoftKeys_SetActionAndText,??GUIObject_SoftKeys_SetActionAndText??rT
    174            
    175            if(count) 
   \   00000084   002E               CMP      R6,#+0
   \   00000086   0FD0               BEQ      ??pg_Goto_Shortcut_EnterAction_3
    176            {
    177              GUIObject_SoftKeys_SetAction(mbk->MainMenu, ACTION_DELETE, Menu_DeleteItem);
   \   00000088   184D               LDR      R5,??pg_Goto_Shortcut_EnterAction_2+0x20  ;; 0xfb4
   \   0000008A   194A               LDR      R2,??pg_Goto_Shortcut_EnterAction_2+0x24  ;; ??Menu_DeleteItem
   \   0000008C   2068               LDR      R0,[R4, #+0]
   \   0000008E   2900               MOVS     R1,R5
   \   00000090   ........           _BLF     GUIObject_SoftKeys_SetAction,??GUIObject_SoftKeys_SetAction??rT
    178              GUIObject_SoftKeys_SetVisible(mbk->MainMenu, ACTION_DELETE, FALSE );
   \   00000094   2068               LDR      R0,[R4, #+0]
   \   00000096   0022               MOVS     R2,#+0
   \   00000098   2900               MOVS     R1,R5
   \   0000009A   ........           _BLF     GUIObject_SoftKeys_SetVisible,??GUIObject_SoftKeys_SetVisible??rT
    179              GUIObject_SoftKeys_SetAction(mbk->MainMenu, ACTION_SELECT1, Menu_Select);
   \   0000009E   154A               LDR      R2,??pg_Goto_Shortcut_EnterAction_2+0x28  ;; ??Menu_Select
   \   000000A0   1549               LDR      R1,??pg_Goto_Shortcut_EnterAction_2+0x2C  ;; 0xfc2
   \   000000A2   2068               LDR      R0,[R4, #+0]
   \   000000A4   ........           _BLF     GUIObject_SoftKeys_SetAction,??GUIObject_SoftKeys_SetAction??rT
    180            }
    181            GUIObject_SoftKeys_SetAction(mbk->MainMenu, ACTION_BACK, Menu_Exit);
   \                     ??pg_Goto_Shortcut_EnterAction_3:
   \   000000A8   144D               LDR      R5,??pg_Goto_Shortcut_EnterAction_2+0x30  ;; ??Menu_Exit
   \   000000AA   2068               LDR      R0,[R4, #+0]
   \   000000AC   2A00               MOVS     R2,R5
   \   000000AE   FC21               MOVS     R1,#+252
   \   000000B0   0901               LSLS     R1,R1,#+4
   \   000000B2   ........           _BLF     GUIObject_SoftKeys_SetAction,??GUIObject_SoftKeys_SetAction??rT
    182            GUIObject_SoftKeys_SetAction(mbk->MainMenu, ACTION_LONG_BACK, Menu_Exit);
   \   000000B6   1249               LDR      R1,??pg_Goto_Shortcut_EnterAction_2+0x34  ;; 0xfaf
   \   000000B8   2068               LDR      R0,[R4, #+0]
   \   000000BA   2A00               MOVS     R2,R5
   \   000000BC   ........           _BLF     GUIObject_SoftKeys_SetAction,??GUIObject_SoftKeys_SetAction??rT
    183            GUIObject_Show(mbk->MainMenu);
   \   000000C0   2068               LDR      R0,[R4, #+0]
   \   000000C2   ........           _BLF     GUIObject_Show,??GUIObject_Show??rT
    184            return 1;
   \   000000C6   0120               MOVS     R0,#+1
   \   000000C8   70BD               POP      {R4-R6,PC}       ;; return
   \   000000CA   C046               Nop      
   \                     ??pg_Goto_Shortcut_EnterAction_2:
   \   000000CC   A20A0000           DC32     0xaa2
   \   000000D0   ........           DC32     ??Menu_Callback
   \   000000D4   3A190000           DC32     0x193a
   \   000000D8   ........           DC32     ??Menu_AddItem
   \   000000DC   54170000           DC32     0x1754
   \   000000E0   ........           DC32     ??Menu_ModifyItem
   \   000000E4   1C250000           DC32     0x251c
   \   000000E8   ........           DC32     ??Menu_About
   \   000000EC   B40F0000           DC32     0xfb4
   \   000000F0   ........           DC32     ??Menu_DeleteItem
   \   000000F4   ........           DC32     ??Menu_Select
   \   000000F8   C20F0000           DC32     0xfc2
   \   000000FC   ........           DC32     ??Menu_Exit
   \   00000100   AF0F0000           DC32     0xfaf
    185          };
    186          

   \                                 In segment CODE, align 4, keep-with-next
    187          int pg_Goto_Shortcut_CancelAction(void* data, BOOK* book)
    188          {
   \                     ??pg_Goto_Shortcut_CancelAction:
   \   00000000   10B5               PUSH     {R4,LR}
   \   00000002   0C00               MOVS     R4,R1
    189            GotoShortcut_Book* mbk = (GotoShortcut_Book*)book;
    190            FREE_GUI(mbk->MainMenu);
   \   00000004   A069               LDR      R0,[R4, #+24]
   \   00000006   0028               CMP      R0,#+0
   \   00000008   03D0               BEQ      ??pg_Goto_Shortcut_CancelAction_1
   \   0000000A   ........           _BLF     GUIObject_Destroy,??GUIObject_Destroy??rT
   \   0000000E   0020               MOVS     R0,#+0
   \   00000010   A061               STR      R0,[R4, #+24]
    191            FreeBook(mbk);
   \                     ??pg_Goto_Shortcut_CancelAction_1:
   \   00000012   2000               MOVS     R0,R4
   \   00000014   ........           _BLF     FreeBook,??FreeBook??rT
    192            return 1;
   \   00000018   0120               MOVS     R0,#+1
   \   0000001A   10BD               POP      {R4,PC}          ;; return
    193          }
    194          

   \                                 In segment DATA_C, align 4, align-sorted
    195          const PAGE_MSG bk_msglst_base[] = 
   \                     bk_msglst_base:
   \   00000000   04000000....       DC32 4, ??pg_Goto_Shortcut_CancelAction, 2112
   \              ....40080000
   \   0000000C   ........0000       DC32 ??pg_Goto_Shortcut_CancelAction, 0, 0H
   \              000000000000
    196          {
    197            CANCEL_EVENT,            pg_Goto_Shortcut_CancelAction,
    198            RETURN_TO_STANDBY_EVENT, pg_Goto_Shortcut_CancelAction,
    199            NIL_EVENT,               NULL
    200          };

   \                                 In segment DATA_C, align 4, align-sorted
   \                     `?<Constant "GotoShortcut_Book">`:
   \   00000000   476F746F5368       DC8 "GotoShortcut_Book"
   \              6F7274637574
   \              5F426F6F6B00
   \   00000012   0000               DC8 0, 0
   \   00000014   ........0000       DC32 `?<Constant "Goto_Shortcut_Base_Page">`, 0H, bk_msglst_base
   \              0000........
   \   00000020   ........0000       DC32 `?<Constant "Goto_Shortcut_Main_Page">`, 0H, bk_msglst_main
   \              0000........
    201          const PAGE_DESC Goto_Shortcut_Base_Page = {BASE_PAGE_NAME,NULL,bk_msglst_base};
    202          

   \                                 In segment DATA_C, align 4, align-sorted
    203          const PAGE_MSG bk_msglst_main[] = 
   \                     bk_msglst_main:
   \   00000000   0F000000....       DC32 15, ??pg_Goto_Shortcut_EnterAction, 16
   \              ....10000000
   \   0000000C   ........0200       DC32 ??pg_Goto_Shortcut_EnterAction, 2, ??UpdateMainPage, 0, 0H
   \              0000........
   \              000000000000
   \              0000        
    204          {
    205            PAGE_ENTER_EVENT,  pg_Goto_Shortcut_EnterAction,
    206            PAGE_EXIT_EVENT,   pg_Goto_Shortcut_EnterAction,
    207            ACCEPT_EVENT,      UpdateMainPage,
    208            NIL_EVENT,         NULL
    209          };
    210          const PAGE_DESC Goto_Shortcut_Main_Page = {MAIN_PAGE_NAME,NULL,bk_msglst_main};
    211          

   \                                 In segment CODE, align 4, keep-with-next
    212          int UpdateMainPage(void* data, BOOK* book)
    213          {
   \                     ??UpdateMainPage:
   \   00000000   00B5               PUSH     {LR}
   \   00000002   0800               MOVS     R0,R1
    214            BookObj_GotoPage(book, &Goto_Shortcut_Main_Page);
   \   00000004   ....               LDR      R1,??DataTable9  ;; `?<Constant "GotoShortcut_Book">` + 32
   \   00000006   ........           _BLF     BookObj_GotoPage,??BookObj_GotoPage??rT
    215            return 0;
   \   0000000A   0020               MOVS     R0,#+0
   \   0000000C   00BD               POP      {PC}             ;; return
    216          }
    217          

   \                                 In segment CODE, align 4, keep-with-next
    218          void Goto_Shortcut_Destroy(BOOK* book)
    219          {
   \                     ??Goto_Shortcut_Destroy:
   \   00000000   10B5               PUSH     {R4,LR}
   \   00000002   0400               MOVS     R4,R0
    220            GotoShortcut_Book* mbk = (GotoShortcut_Book*)book;
    221            FREE_GUI(mbk->MainMenu);
   \   00000004   A069               LDR      R0,[R4, #+24]
   \   00000006   0028               CMP      R0,#+0
   \   00000008   03D0               BEQ      ??Goto_Shortcut_Destroy_1
   \   0000000A   ........           _BLF     GUIObject_Destroy,??GUIObject_Destroy??rT
   \   0000000E   0020               MOVS     R0,#+0
   \   00000010   A061               STR      R0,[R4, #+24]
    222            SaveConfig(mbk->Items);
   \                     ??Goto_Shortcut_Destroy_1:
   \   00000012   E06B               LDR      R0,[R4, #+60]
    223            FreeList(mbk->Items, ShortcutFree);
   \   00000014   3C34               ADDS     R4,R4,#+60
   \   00000016   ........           _BLF     ??SaveConfig,??SaveConfig??rT
   \   0000001A   0249               LDR      R1,??Goto_Shortcut_Destroy_2  ;; ??ShortcutFree
   \   0000001C   2000               MOVS     R0,R4
   \   0000001E   ........           _BLF     ??FreeList,??FreeList??rT
    224          }
   \   00000022   10BD               POP      {R4,PC}          ;; return
   \                     ??Goto_Shortcut_Destroy_2:
   \   00000024   ........           DC32     ??ShortcutFree
    225          

   \                                 In segment CODE, align 4, keep-with-next
    226          extern "C"
    227          void GotoShortcut(BOOK* book, GUI* gui)
    228          {  
   \                     GotoShortcut:
   \   00000000   70B5               PUSH     {R4-R6,LR}
    229            GotoShortcut_Book* mbk = (GotoShortcut_Book*)malloc(sizeof(GotoShortcut_Book));
    230            memset( mbk, NULL, sizeof(GotoShortcut_Book));
    231            if (CreateBook(mbk,Goto_Shortcut_Destroy,&Goto_Shortcut_Base_Page,BOOKNAME,-1,NULL)) 
   \   00000002   ....               LDR      R5,??DataTable10  ;; `?<Constant "GotoShortcut_Book">`
   \   00000004   4C20               MOVS     R0,#+76
   \   00000006   ........           BL       ??malloc
   \   0000000A   0400               MOVS     R4,R0
   \   0000000C   4C22               MOVS     R2,#+76
   \   0000000E   0021               MOVS     R1,#+0
   \   00000010   ........           _BLF     memset,??memset??rT
   \   00000014   0021               MOVS     R1,#+0
   \   00000016   0020               MOVS     R0,#+0
   \   00000018   C043               MVNS     R0,R0
   \   0000001A   03B4               PUSH     {R0,R1}
   \   0000001C   2B00               MOVS     R3,R5
   \   0000001E   0D49               LDR      R1,??GotoShortcut_0  ;; ??Goto_Shortcut_Destroy
   \   00000020   2A00               MOVS     R2,R5
   \   00000022   1432               ADDS     R2,R2,#+20
   \   00000024   2000               MOVS     R0,R4
   \   00000026   ........           _BLF     CreateBook,??CreateBook??rT
   \   0000002A   02B0               ADD      SP,SP,#+8
   \   0000002C   0028               CMP      R0,#+0
   \   0000002E   0CD0               BEQ      ??GotoShortcut_1
    232            {
    233              mbk->CurrentPos = 0;
   \   00000030   2600               MOVS     R6,R4
   \   00000032   3C36               ADDS     R6,R6,#+60
   \   00000034   0020               MOVS     R0,#+0
   \   00000036   3072               STRB     R0,[R6, #+8]
    234              mbk->Items = LoadConfig();
   \   00000038   ........           _BLF     ??LoadConfig,??LoadConfig??rT
   \   0000003C   3060               STR      R0,[R6, #+0]
    235              BookObj_GotoPage(mbk,&Goto_Shortcut_Main_Page);
   \   0000003E   2035               ADDS     R5,R5,#+32
   \   00000040   2900               MOVS     R1,R5
   \   00000042   2000               MOVS     R0,R4
   \   00000044   ........           _BLF     BookObj_GotoPage,??BookObj_GotoPage??rT
   \   00000048   70BD               POP      {R4-R6,PC}
    236            }
    237            else mfree(mbk);
   \                     ??GotoShortcut_1:
   \   0000004A   2000               MOVS     R0,R4
   \   0000004C   ........           BL       ??mfree
    238          }
   \   00000050   70BD               POP      {R4-R6,PC}       ;; return
   \   00000052   C046               Nop      
   \                     ??GotoShortcut_0:
   \   00000054   ........           DC32     ??Goto_Shortcut_Destroy

   \                                 In segment CODE, align 4, keep-with-next
   \                     ??DataTable1:
   \   00000000   73630000           DC8      "sc",+0

   \                                 In segment CODE, align 4, keep-with-next
   \                     ??DataTable2:
   \   00000000   ........           DC32     `?<Constant "GotoShortcut_Book">`

   \                                 In segment CODE, align 4, keep-with-next
   \                     ??DataTable7:
   \   00000000   FFFFFF6F           DC32     0x6fffffff

   \                                 In segment CODE, align 4, keep-with-next
   \                     ??DataTable8:
   \   00000000   9A080000           DC32     0x89a

   \                                 In segment CODE, align 4, keep-with-next
   \                     ??DataTable9:
   \   00000000   ........           DC32     `?<Constant "GotoShortcut_Book">` + 32

   \                                 In segment CODE, align 4, keep-with-next
   \                     ??DataTable10:
   \   00000000   ........           DC32     `?<Constant "GotoShortcut_Book">`

   \                                 In segment DATA_C, align 4, align-sorted
   \                     `?<Constant "Goto_Shortcut_Base_Page">`:
   \   00000000   476F746F5F53       DC8 "Goto_Shortcut_Base_Page"
   \              686F72746375
   \              745F42617365
   \              5F5061676500

   \                                 In segment DATA_C, align 4, align-sorted
   \                     `?<Constant "Goto_Shortcut_Main_Page">`:
   \   00000000   476F746F5F53       DC8 "Goto_Shortcut_Main_Page"
   \              686F72746375
   \              745F4D61696E
   \              5F5061676500

   \                                 In segment DATA_C, align 1, align-sorted
   \   00000000   736300             DC8 "sc"

   \                                 In segment DATA_C, align 4, align-sorted
   \                     `?<Constant L"\\x47\\x6f\\x74\\x6f\\x53\\x68\\x6f\\x72\\`:
   \   00000000   47006F007400       DC8 47H, 0, 6FH, 0, 74H, 0, 6FH, 0
   \              6F00        
   \   00000008   530068006F00       DC8 53H, 0, 68H, 0, 6FH, 0, 72H, 0
   \              7200        
   \   00000010   740063007500       DC8 74H, 0, 63H, 0, 75H, 0, 74H, 0
   \              7400        
   \   00000018   0A0076003300       DC8 0AH, 0, 76H, 0, 33H, 0, 2EH, 0
   \              2E00        
   \   00000020   32000A002800       DC8 32H, 0, 0AH, 0, 28H, 0, 63H, 0
   \              6300        
   \   00000028   290020006600       DC8 29H, 0, 20H, 0, 66H, 0, 61H, 0
   \              6100        
   \   00000030   720069006400       DC8 72H, 0, 69H, 0, 64H, 0, 0, 0
   \              0000        

   Maximum stack usage in bytes:

     Function                       CSTACK
     --------                       ------
     GotoShortcut                      24
     Goto_Shortcut_Destroy(BOOK *)      8
     IsMyBook(BOOK *)                   4
     Menu_About(BOOK *, GUI *)         12
     Menu_AddItem(BOOK *, GUI *)        4
     Menu_Callback(GUI_MESSAGE *)      12
     Menu_DeleteItem(BOOK *, GUI *)    12
     Menu_Delete_No(BOOK *, GUI *)      8
     Menu_Delete_Yes(BOOK *, GUI *)    12
     Menu_Exit(BOOK *, GUI *)           4
     Menu_ModifyItem(BOOK *, GUI *)    12
     Menu_Select(BOOK *, GUI *)         8
     ShortcutFree(void *)               8
     UpdateMainPage(void *, BOOK *)     4
     malloc(int)                       16
     mfree(void *)                      4
     pg_Goto_Shortcut_CancelAction(void *, BOOK *)
                                        8
     pg_Goto_Shortcut_EnterAction(void *, BOOK *)
                                       16


   Segment part sizes:

     Function/Label                 Bytes
     --------------                 -----
     malloc(int)                      26
     mfree(void *)                    20
     IsMyBook(BOOK *)                 24
     ShortcutFree(void *)             26
     Menu_Delete_Yes(BOOK *, GUI *)   40
     Menu_Delete_No(BOOK *, GUI *)    24
     Menu_DeleteItem(BOOK *, GUI *)  120
     Menu_AddItem(BOOK *, GUI *)      10
     Menu_ModifyItem(BOOK *, GUI *)   48
     Menu_About(BOOK *, GUI *)        36
     Menu_Select(BOOK *, GUI *)       34
     Menu_Exit(BOOK *, GUI *)          8
     Menu_Callback(GUI_MESSAGE *)     80
     pg_Goto_Shortcut_EnterAction(void *, BOOK *)
                                     260
     pg_Goto_Shortcut_CancelAction(void *, BOOK *)
                                      28
     bk_msglst_base                   24
     ?<Constant "GotoShortcut_Book">
                                      44
     bk_msglst_main                   32
     UpdateMainPage(void *, BOOK *)   14
     Goto_Shortcut_Destroy(BOOK *)    40
     GotoShortcut                     88
     ??DataTable1                      4
     ??DataTable2                      4
     ??DataTable7                      4
     ??DataTable8                      4
     ??DataTable9                      4
     ??DataTable10                     4
     ?<Constant "Goto_Shortcut_Base_Page">
                                      24
     ?<Constant "Goto_Shortcut_Main_Page">
                                      24
     ?<Constant "sc">                  3
     ?<Constant L"\x47\x6f\x74\x6f\x53\x68\x6f\x72\
                                      56
      Others                         512

 
 1 462 bytes in segment CODE
   207 bytes in segment DATA_C
 
 950 bytes of CODE  memory (+ 512 bytes shared)
 207 bytes of CONST memory

Errors: none
Warnings: none
